Archive member included because of file (symbol)

d:/iti_embedded_system/03- imt sdk/imt_sdk_win_64/winavr/bin/../lib/gcc/avr/4.3.3/avr5\libgcc.a(_mulsi3.o)
                              ./MCAL/TIMER/TIMER0/TIMER0_prog.o (__mulsi3)
d:/iti_embedded_system/03- imt sdk/imt_sdk_win_64/winavr/bin/../lib/gcc/avr/4.3.3/avr5\libgcc.a(_udivmodsi4.o)
                              ./MCAL/TIMER/TIMER0/TIMER0_prog.o (__udivmodsi4)
d:/iti_embedded_system/03- imt sdk/imt_sdk_win_64/winavr/bin/../lib/gcc/avr/4.3.3/avr5\libgcc.a(_exit.o)
                              d:/iti_embedded_system/03- imt sdk/imt_sdk_win_64/winavr/bin/../lib/gcc/avr/4.3.3/../../../../avr/lib/avr5/crtm32.o (exit)
d:/iti_embedded_system/03- imt sdk/imt_sdk_win_64/winavr/bin/../lib/gcc/avr/4.3.3/avr5\libgcc.a(_copy_data.o)
                              ./MCAL/TIMER/TIMER0/TIMER0_prog.o (__do_copy_data)
d:/iti_embedded_system/03- imt sdk/imt_sdk_win_64/winavr/bin/../lib/gcc/avr/4.3.3/avr5\libgcc.a(_clear_bss.o)
                              ./MCAL/TIMER/TIMER2/TIMER2_prog.o (__do_clear_bss)
d:/iti_embedded_system/03- imt sdk/imt_sdk_win_64/winavr/bin/../lib/gcc/avr/4.3.3/avr5\libgcc.a(_fixunssfsi.o)
                              ./MCAL/TIMER/TIMER2/TIMER2_prog.o (__fixunssfsi)
d:/iti_embedded_system/03- imt sdk/imt_sdk_win_64/winavr/bin/../lib/gcc/avr/4.3.3/avr5\libgcc.a(_addsub_sf.o)
                              ./MCAL/TIMER/TIMER2/TIMER2_prog.o (__subsf3)
d:/iti_embedded_system/03- imt sdk/imt_sdk_win_64/winavr/bin/../lib/gcc/avr/4.3.3/avr5\libgcc.a(_mul_sf.o)
                              ./MCAL/TIMER/TIMER2/TIMER2_prog.o (__mulsf3)
d:/iti_embedded_system/03- imt sdk/imt_sdk_win_64/winavr/bin/../lib/gcc/avr/4.3.3/avr5\libgcc.a(_div_sf.o)
                              ./MCAL/TIMER/TIMER2/TIMER2_prog.o (__divsf3)
d:/iti_embedded_system/03- imt sdk/imt_sdk_win_64/winavr/bin/../lib/gcc/avr/4.3.3/avr5\libgcc.a(_ne_sf.o)
                              ./MCAL/TIMER/TIMER2/TIMER2_prog.o (__nesf2)
d:/iti_embedded_system/03- imt sdk/imt_sdk_win_64/winavr/bin/../lib/gcc/avr/4.3.3/avr5\libgcc.a(_gt_sf.o)
                              ./HAL/LCD/LCD_prog.o (__gtsf2)
d:/iti_embedded_system/03- imt sdk/imt_sdk_win_64/winavr/bin/../lib/gcc/avr/4.3.3/avr5\libgcc.a(_ge_sf.o)
                              d:/iti_embedded_system/03- imt sdk/imt_sdk_win_64/winavr/bin/../lib/gcc/avr/4.3.3/avr5\libgcc.a(_fixunssfsi.o) (__gesf2)
d:/iti_embedded_system/03- imt sdk/imt_sdk_win_64/winavr/bin/../lib/gcc/avr/4.3.3/avr5\libgcc.a(_lt_sf.o)
                              ./HAL/LCD/LCD_prog.o (__ltsf2)
d:/iti_embedded_system/03- imt sdk/imt_sdk_win_64/winavr/bin/../lib/gcc/avr/4.3.3/avr5\libgcc.a(_sf_to_si.o)
                              d:/iti_embedded_system/03- imt sdk/imt_sdk_win_64/winavr/bin/../lib/gcc/avr/4.3.3/avr5\libgcc.a(_fixunssfsi.o) (__fixsfsi)
d:/iti_embedded_system/03- imt sdk/imt_sdk_win_64/winavr/bin/../lib/gcc/avr/4.3.3/avr5\libgcc.a(_thenan_sf.o)
                              d:/iti_embedded_system/03- imt sdk/imt_sdk_win_64/winavr/bin/../lib/gcc/avr/4.3.3/avr5\libgcc.a(_addsub_sf.o) (__thenan_sf)
d:/iti_embedded_system/03- imt sdk/imt_sdk_win_64/winavr/bin/../lib/gcc/avr/4.3.3/avr5\libgcc.a(_usi_to_sf.o)
                              ./MCAL/TIMER/TIMER2/TIMER2_prog.o (__floatunsisf)
d:/iti_embedded_system/03- imt sdk/imt_sdk_win_64/winavr/bin/../lib/gcc/avr/4.3.3/avr5\libgcc.a(_prologue.o)
                              d:/iti_embedded_system/03- imt sdk/imt_sdk_win_64/winavr/bin/../lib/gcc/avr/4.3.3/avr5\libgcc.a(_addsub_sf.o) (__prologue_saves__)
d:/iti_embedded_system/03- imt sdk/imt_sdk_win_64/winavr/bin/../lib/gcc/avr/4.3.3/avr5\libgcc.a(_epilogue.o)
                              d:/iti_embedded_system/03- imt sdk/imt_sdk_win_64/winavr/bin/../lib/gcc/avr/4.3.3/avr5\libgcc.a(_addsub_sf.o) (__epilogue_restores__)
d:/iti_embedded_system/03- imt sdk/imt_sdk_win_64/winavr/bin/../lib/gcc/avr/4.3.3/avr5\libgcc.a(_clzsi2.o)
                              d:/iti_embedded_system/03- imt sdk/imt_sdk_win_64/winavr/bin/../lib/gcc/avr/4.3.3/avr5\libgcc.a(_usi_to_sf.o) (__clzsi2)
d:/iti_embedded_system/03- imt sdk/imt_sdk_win_64/winavr/bin/../lib/gcc/avr/4.3.3/avr5\libgcc.a(_pack_sf.o)
                              d:/iti_embedded_system/03- imt sdk/imt_sdk_win_64/winavr/bin/../lib/gcc/avr/4.3.3/avr5\libgcc.a(_addsub_sf.o) (__pack_f)
d:/iti_embedded_system/03- imt sdk/imt_sdk_win_64/winavr/bin/../lib/gcc/avr/4.3.3/avr5\libgcc.a(_unpack_sf.o)
                              d:/iti_embedded_system/03- imt sdk/imt_sdk_win_64/winavr/bin/../lib/gcc/avr/4.3.3/avr5\libgcc.a(_addsub_sf.o) (__unpack_f)
d:/iti_embedded_system/03- imt sdk/imt_sdk_win_64/winavr/bin/../lib/gcc/avr/4.3.3/avr5\libgcc.a(_fpcmp_parts_sf.o)
                              d:/iti_embedded_system/03- imt sdk/imt_sdk_win_64/winavr/bin/../lib/gcc/avr/4.3.3/avr5\libgcc.a(_ne_sf.o) (__fpcmp_parts_f)
d:/iti_embedded_system/03- imt sdk/imt_sdk_win_64/winavr/bin/../lib/gcc/avr/4.3.3/avr5\libgcc.a(_clz.o)
                              d:/iti_embedded_system/03- imt sdk/imt_sdk_win_64/winavr/bin/../lib/gcc/avr/4.3.3/avr5\libgcc.a(_clzsi2.o) (__clz_tab)

Allocating common symbols
Common symbol       size              file

Current_User        0x10              ./APP/APP_program.o
error               0x1               ./APP/APP_program.o
Local_enuErrorState
                    0x1               ./APP/main.o

Memory Configuration

Name             Origin             Length             Attributes
text             0x00000000         0x00020000         xr
data             0x00800060         0x0000ffa0         rw !x
eeprom           0x00810000         0x00010000         rw !x
fuse             0x00820000         0x00000400         rw !x
lock             0x00830000         0x00000400         rw !x
signature        0x00840000         0x00000400         rw !x
*default*        0x00000000         0xffffffff

Linker script and memory map

LOAD d:/iti_embedded_system/03- imt sdk/imt_sdk_win_64/winavr/bin/../lib/gcc/avr/4.3.3/../../../../avr/lib/avr5/crtm32.o
LOAD ./MCAL/USART/USART_prog.o
LOAD ./MCAL/TIMER/WATCHDOG/WDT_prog.o
LOAD ./MCAL/TIMER/TIMER2/TIMER2_prog.o
LOAD ./MCAL/TIMER/TIMER1/TIMER1_prog.o
LOAD ./MCAL/TIMER/TIMER0/TIMER0_prog.o
LOAD ./MCAL/TIMER/ICU_HW/ICU_HW_prog.o
LOAD ./MCAL/I2C_TWI/TWI_prog.o
LOAD ./MCAL/GIE/GIE_prog.o
LOAD ./MCAL/EINT/INT_config.o
LOAD ./MCAL/EINT/INT_prog.o
LOAD ./MCAL/DIO/DIO_program.o
LOAD ./MCAL/ADC/ADC_prog.o
LOAD ./HAL/Servo_Motor/Servo_prog.o
LOAD ./HAL/LED/LED_config.o
LOAD ./HAL/LED/LED_program.o
LOAD ./HAL/LCD/LCD_prog.o
LOAD ./HAL/HC-05/HC-05_program.o
LOAD ./HAL/EEPROM/EEPROM_prog.o
LOAD ./HAL/DC_Motor/DC_config.o
LOAD ./HAL/DC_Motor/DC_prog.o
LOAD ./APP/APP_config.o
LOAD ./APP/APP_program.o
LOAD ./APP/main.o
LOAD d:/iti_embedded_system/03- imt sdk/imt_sdk_win_64/winavr/bin/../lib/gcc/avr/4.3.3/avr5\libgcc.a
LOAD d:/iti_embedded_system/03- imt sdk/imt_sdk_win_64/winavr/bin/../lib/gcc/avr/4.3.3/../../../../avr/lib/avr5\libc.a
LOAD d:/iti_embedded_system/03- imt sdk/imt_sdk_win_64/winavr/bin/../lib/gcc/avr/4.3.3/avr5\libgcc.a

.hash
 *(.hash)

.dynsym
 *(.dynsym)

.dynstr
 *(.dynstr)

.gnu.version
 *(.gnu.version)

.gnu.version_d
 *(.gnu.version_d)

.gnu.version_r
 *(.gnu.version_r)

.rel.init
 *(.rel.init)

.rela.init
 *(.rela.init)

.rel.text
 *(.rel.text)
 *(.rel.text.*)
 *(.rel.gnu.linkonce.t*)

.rela.text
 *(.rela.text)
 *(.rela.text.*)
 *(.rela.gnu.linkonce.t*)

.rel.fini
 *(.rel.fini)

.rela.fini
 *(.rela.fini)

.rel.rodata
 *(.rel.rodata)
 *(.rel.rodata.*)
 *(.rel.gnu.linkonce.r*)

.rela.rodata
 *(.rela.rodata)
 *(.rela.rodata.*)
 *(.rela.gnu.linkonce.r*)

.rel.data
 *(.rel.data)
 *(.rel.data.*)
 *(.rel.gnu.linkonce.d*)

.rela.data
 *(.rela.data)
 *(.rela.data.*)
 *(.rela.gnu.linkonce.d*)

.rel.ctors
 *(.rel.ctors)

.rela.ctors
 *(.rela.ctors)

.rel.dtors
 *(.rel.dtors)

.rela.dtors
 *(.rela.dtors)

.rel.got
 *(.rel.got)

.rela.got
 *(.rela.got)

.rel.bss
 *(.rel.bss)

.rela.bss
 *(.rela.bss)

.rel.plt
 *(.rel.plt)

.rela.plt
 *(.rela.plt)

.text           0x00000000     0x5b54
 *(.vectors)
 .vectors       0x00000000       0x54 d:/iti_embedded_system/03- imt sdk/imt_sdk_win_64/winavr/bin/../lib/gcc/avr/4.3.3/../../../../avr/lib/avr5/crtm32.o
                0x00000000                __vectors
                0x00000000                __vector_default
 *(.vectors)
 *(.progmem.gcc*)
 *(.progmem*)
                0x00000054                . = ALIGN (0x2)
                0x00000054                __trampolines_start = .
 *(.trampolines)
 .trampolines   0x00000054        0x0 linker stubs
 *(.trampolines*)
                0x00000054                __trampolines_end = .
 *(.jumptables)
 *(.jumptables*)
 *(.lowtext)
 *(.lowtext*)
                0x00000054                __ctors_start = .
 *(.ctors)
                0x00000054                __ctors_end = .
                0x00000054                __dtors_start = .
 *(.dtors)
                0x00000054                __dtors_end = .
 SORT(*)(.ctors)
 SORT(*)(.dtors)
 *(.init0)
 .init0         0x00000054        0x0 d:/iti_embedded_system/03- imt sdk/imt_sdk_win_64/winavr/bin/../lib/gcc/avr/4.3.3/../../../../avr/lib/avr5/crtm32.o
                0x00000054                __init
 *(.init0)
 *(.init1)
 *(.init1)
 *(.init2)
 .init2         0x00000054        0xc d:/iti_embedded_system/03- imt sdk/imt_sdk_win_64/winavr/bin/../lib/gcc/avr/4.3.3/../../../../avr/lib/avr5/crtm32.o
 *(.init2)
 *(.init3)
 *(.init3)
 *(.init4)
 .init4         0x00000060       0x16 d:/iti_embedded_system/03- imt sdk/imt_sdk_win_64/winavr/bin/../lib/gcc/avr/4.3.3/avr5\libgcc.a(_copy_data.o)
                0x00000060                __do_copy_data
 .init4         0x00000076       0x10 d:/iti_embedded_system/03- imt sdk/imt_sdk_win_64/winavr/bin/../lib/gcc/avr/4.3.3/avr5\libgcc.a(_clear_bss.o)
                0x00000076                __do_clear_bss
 *(.init4)
 *(.init5)
 *(.init5)
 *(.init6)
 *(.init6)
 *(.init7)
 *(.init7)
 *(.init8)
 *(.init8)
 *(.init9)
 .init9         0x00000086        0x8 d:/iti_embedded_system/03- imt sdk/imt_sdk_win_64/winavr/bin/../lib/gcc/avr/4.3.3/../../../../avr/lib/avr5/crtm32.o
 *(.init9)
 *(.text)
 .text          0x0000008e        0x4 d:/iti_embedded_system/03- imt sdk/imt_sdk_win_64/winavr/bin/../lib/gcc/avr/4.3.3/../../../../avr/lib/avr5/crtm32.o
                0x0000008e                __vector_12
                0x0000008e                __bad_interrupt
                0x0000008e                __vector_13
                0x0000008e                __vector_17
                0x0000008e                __vector_19
                0x0000008e                __vector_15
                0x0000008e                __vector_14
                0x0000008e                __vector_18
                0x0000008e                __vector_20
 .text          0x00000092        0x0 ./MCAL/USART/USART_prog.o
 .text          0x00000092        0x0 ./MCAL/TIMER/WATCHDOG/WDT_prog.o
 .text          0x00000092        0x0 ./MCAL/TIMER/TIMER2/TIMER2_prog.o
 .text          0x00000092        0x0 ./MCAL/TIMER/TIMER1/TIMER1_prog.o
 .text          0x00000092        0x0 ./MCAL/TIMER/TIMER0/TIMER0_prog.o
 .text          0x00000092        0x0 ./MCAL/TIMER/ICU_HW/ICU_HW_prog.o
 .text          0x00000092        0x0 ./MCAL/I2C_TWI/TWI_prog.o
 .text          0x00000092        0x0 ./MCAL/GIE/GIE_prog.o
 .text          0x00000092        0x0 ./MCAL/EINT/INT_config.o
 .text          0x00000092        0x0 ./MCAL/EINT/INT_prog.o
 .text          0x00000092        0x0 ./MCAL/DIO/DIO_program.o
 .text          0x00000092        0x0 ./MCAL/ADC/ADC_prog.o
 .text          0x00000092        0x0 ./HAL/Servo_Motor/Servo_prog.o
 .text          0x00000092        0x0 ./HAL/LED/LED_config.o
 .text          0x00000092        0x0 ./HAL/LED/LED_program.o
 .text          0x00000092        0x0 ./HAL/LCD/LCD_prog.o
 .text          0x00000092        0x0 ./HAL/HC-05/HC-05_program.o
 .text          0x00000092        0x0 ./HAL/EEPROM/EEPROM_prog.o
 .text          0x00000092        0x0 ./HAL/DC_Motor/DC_config.o
 .text          0x00000092        0x0 ./HAL/DC_Motor/DC_prog.o
 .text          0x00000092        0x0 ./APP/APP_config.o
 .text          0x00000092        0x0 ./APP/APP_program.o
 .text          0x00000092        0x0 ./APP/main.o
 .text          0x00000092        0x0 d:/iti_embedded_system/03- imt sdk/imt_sdk_win_64/winavr/bin/../lib/gcc/avr/4.3.3/avr5\libgcc.a(_mulsi3.o)
 .text          0x00000092        0x0 d:/iti_embedded_system/03- imt sdk/imt_sdk_win_64/winavr/bin/../lib/gcc/avr/4.3.3/avr5\libgcc.a(_udivmodsi4.o)
 .text          0x00000092        0x0 d:/iti_embedded_system/03- imt sdk/imt_sdk_win_64/winavr/bin/../lib/gcc/avr/4.3.3/avr5\libgcc.a(_exit.o)
 .text          0x00000092        0x0 d:/iti_embedded_system/03- imt sdk/imt_sdk_win_64/winavr/bin/../lib/gcc/avr/4.3.3/avr5\libgcc.a(_copy_data.o)
 .text          0x00000092        0x0 d:/iti_embedded_system/03- imt sdk/imt_sdk_win_64/winavr/bin/../lib/gcc/avr/4.3.3/avr5\libgcc.a(_clear_bss.o)
 .text          0x00000092       0x58 d:/iti_embedded_system/03- imt sdk/imt_sdk_win_64/winavr/bin/../lib/gcc/avr/4.3.3/avr5\libgcc.a(_fixunssfsi.o)
                0x00000092                __fixunssfsi
 .text          0x000000ea      0x354 d:/iti_embedded_system/03- imt sdk/imt_sdk_win_64/winavr/bin/../lib/gcc/avr/4.3.3/avr5\libgcc.a(_addsub_sf.o)
                0x00000382                __subsf3
                0x000003e4                __addsf3
 .text          0x0000043e      0x1f4 d:/iti_embedded_system/03- imt sdk/imt_sdk_win_64/winavr/bin/../lib/gcc/avr/4.3.3/avr5\libgcc.a(_mul_sf.o)
                0x0000043e                __mulsf3
 .text          0x00000632      0x158 d:/iti_embedded_system/03- imt sdk/imt_sdk_win_64/winavr/bin/../lib/gcc/avr/4.3.3/avr5\libgcc.a(_div_sf.o)
                0x00000632                __divsf3
 .text          0x0000078a       0x60 d:/iti_embedded_system/03- imt sdk/imt_sdk_win_64/winavr/bin/../lib/gcc/avr/4.3.3/avr5\libgcc.a(_ne_sf.o)
                0x0000078a                __nesf2
 .text          0x000007ea       0x60 d:/iti_embedded_system/03- imt sdk/imt_sdk_win_64/winavr/bin/../lib/gcc/avr/4.3.3/avr5\libgcc.a(_gt_sf.o)
                0x000007ea                __gtsf2
 .text          0x0000084a       0x60 d:/iti_embedded_system/03- imt sdk/imt_sdk_win_64/winavr/bin/../lib/gcc/avr/4.3.3/avr5\libgcc.a(_ge_sf.o)
                0x0000084a                __gesf2
 .text          0x000008aa       0x60 d:/iti_embedded_system/03- imt sdk/imt_sdk_win_64/winavr/bin/../lib/gcc/avr/4.3.3/avr5\libgcc.a(_lt_sf.o)
                0x000008aa                __ltsf2
 .text          0x0000090a       0xa8 d:/iti_embedded_system/03- imt sdk/imt_sdk_win_64/winavr/bin/../lib/gcc/avr/4.3.3/avr5\libgcc.a(_sf_to_si.o)
                0x0000090a                __fixsfsi
 .text          0x000009b2        0x0 d:/iti_embedded_system/03- imt sdk/imt_sdk_win_64/winavr/bin/../lib/gcc/avr/4.3.3/avr5\libgcc.a(_thenan_sf.o)
 .text          0x000009b2       0xf2 d:/iti_embedded_system/03- imt sdk/imt_sdk_win_64/winavr/bin/../lib/gcc/avr/4.3.3/avr5\libgcc.a(_usi_to_sf.o)
                0x000009b2                __floatunsisf
 .text          0x00000aa4        0x0 d:/iti_embedded_system/03- imt sdk/imt_sdk_win_64/winavr/bin/../lib/gcc/avr/4.3.3/avr5\libgcc.a(_prologue.o)
 .text          0x00000aa4        0x0 d:/iti_embedded_system/03- imt sdk/imt_sdk_win_64/winavr/bin/../lib/gcc/avr/4.3.3/avr5\libgcc.a(_epilogue.o)
 .text          0x00000aa4       0x9e d:/iti_embedded_system/03- imt sdk/imt_sdk_win_64/winavr/bin/../lib/gcc/avr/4.3.3/avr5\libgcc.a(_clzsi2.o)
                0x00000aa4                __clzsi2
 .text          0x00000b42      0x1aa d:/iti_embedded_system/03- imt sdk/imt_sdk_win_64/winavr/bin/../lib/gcc/avr/4.3.3/avr5\libgcc.a(_pack_sf.o)
                0x00000b42                __pack_f
 .text          0x00000cec       0xf0 d:/iti_embedded_system/03- imt sdk/imt_sdk_win_64/winavr/bin/../lib/gcc/avr/4.3.3/avr5\libgcc.a(_unpack_sf.o)
                0x00000cec                __unpack_f
 .text          0x00000ddc       0xb2 d:/iti_embedded_system/03- imt sdk/imt_sdk_win_64/winavr/bin/../lib/gcc/avr/4.3.3/avr5\libgcc.a(_fpcmp_parts_sf.o)
                0x00000ddc                __fpcmp_parts_f
 .text          0x00000e8e        0x0 d:/iti_embedded_system/03- imt sdk/imt_sdk_win_64/winavr/bin/../lib/gcc/avr/4.3.3/avr5\libgcc.a(_clz.o)
                0x00000e8e                . = ALIGN (0x2)
 *(.text.*)
 .text.USART_enuInit
                0x00000e8e       0xb4 ./MCAL/USART/USART_prog.o
                0x00000e8e                USART_enuInit
 .text.USART_enuSendChar
                0x00000f42       0x38 ./MCAL/USART/USART_prog.o
                0x00000f42                USART_enuSendChar
 .text.USART_enuRecieveChar
                0x00000f7a       0x48 ./MCAL/USART/USART_prog.o
                0x00000f7a                USART_enuRecieveChar
 .text.USART_enuSendString
                0x00000fc2       0x58 ./MCAL/USART/USART_prog.o
                0x00000fc2                USART_enuSendString
 .text.USART_enuRecieveString
                0x0000101a       0x8a ./MCAL/USART/USART_prog.o
                0x0000101a                USART_enuRecieveString
 .text.USART_enuTransmit
                0x000010a4       0x66 ./MCAL/USART/USART_prog.o
                0x000010a4                USART_enuTransmit
 .text.USART_enuRecieve
                0x0000110a       0x66 ./MCAL/USART/USART_prog.o
                0x0000110a                USART_enuRecieve
 .text.USART_enuEnableTransmitter
                0x00001170       0x28 ./MCAL/USART/USART_prog.o
                0x00001170                USART_enuEnableTransmitter
 .text.USART_enuEnableReceiver
                0x00001198       0x28 ./MCAL/USART/USART_prog.o
                0x00001198                USART_enuEnableReceiver
 .text.WDT_enuSleep
                0x000011c0       0x48 ./MCAL/TIMER/WATCHDOG/WDT_prog.o
                0x000011c0                WDT_enuSleep
 .text.WDT_enuEnable
                0x00001208       0x28 ./MCAL/TIMER/WATCHDOG/WDT_prog.o
                0x00001208                WDT_enuEnable
 .text.WDT_enuDisable
                0x00001230       0x2e ./MCAL/TIMER/WATCHDOG/WDT_prog.o
                0x00001230                WDT_enuDisable
 .text.TIMER2_enuInit
                0x0000125e       0x80 ./MCAL/TIMER/TIMER2/TIMER2_prog.o
                0x0000125e                TIMER2_enuInit
 .text.TIMER2_enuCallBackOVF
                0x000012de       0x54 ./MCAL/TIMER/TIMER2/TIMER2_prog.o
                0x000012de                TIMER2_enuCallBackOVF
 .text.TIMER2_enuCallBackCTC
                0x00001332       0x54 ./MCAL/TIMER/TIMER2/TIMER2_prog.o
                0x00001332                TIMER2_enuCallBackCTC
 .text.TIMER2_enuSetPreload
                0x00001386       0x26 ./MCAL/TIMER/TIMER2/TIMER2_prog.o
                0x00001386                TIMER2_enuSetPreload
 .text.TIMER2_enuSetCTC
                0x000013ac       0x26 ./MCAL/TIMER/TIMER2/TIMER2_prog.o
                0x000013ac                TIMER2_enuSetCTC
 .text.TIMER2_enuEnableOVFINTERRUPT
                0x000013d2       0x28 ./MCAL/TIMER/TIMER2/TIMER2_prog.o
                0x000013d2                TIMER2_enuEnableOVFINTERRUPT
 .text.TIMER2_enuEnableCTCINTERRUPT
                0x000013fa       0x28 ./MCAL/TIMER/TIMER2/TIMER2_prog.o
                0x000013fa                TIMER2_enuEnableCTCINTERRUPT
 .text.TIMER2_enuSetAsychDelay
                0x00001422      0x1d4 ./MCAL/TIMER/TIMER2/TIMER2_prog.o
                0x00001422                TIMER2_enuSetAsychDelay
 .text.__vector_5
                0x000015f6       0x6e ./MCAL/TIMER/TIMER2/TIMER2_prog.o
                0x000015f6                __vector_5
 .text.__vector_4
                0x00001664       0x6e ./MCAL/TIMER/TIMER2/TIMER2_prog.o
                0x00001664                __vector_4
 .text.TIMER1_enuInit
                0x000016d2       0xb8 ./MCAL/TIMER/TIMER1/TIMER1_prog.o
                0x000016d2                TIMER1_enuInit
 .text.TIMER1_enuSetChannelACTC
                0x0000178a       0x30 ./MCAL/TIMER/TIMER1/TIMER1_prog.o
                0x0000178a                TIMER1_enuSetChannelACTC
 .text.TIMER1_enuSetChannelBCTC
                0x000017ba       0x30 ./MCAL/TIMER/TIMER1/TIMER1_prog.o
                0x000017ba                TIMER1_enuSetChannelBCTC
 .text.TIMER1_enuSetICR
                0x000017ea       0x30 ./MCAL/TIMER/TIMER1/TIMER1_prog.o
                0x000017ea                TIMER1_enuSetICR
 .text.TIMER1_enuSetTimerValue
                0x0000181a       0x30 ./MCAL/TIMER/TIMER1/TIMER1_prog.o
                0x0000181a                TIMER1_enuSetTimerValue
 .text.TIMER1_enuReadTimerValue
                0x0000184a       0x42 ./MCAL/TIMER/TIMER1/TIMER1_prog.o
                0x0000184a                TIMER1_enuReadTimerValue
 .text.TIMER1_enuCallBack
                0x0000188c       0xca ./MCAL/TIMER/TIMER1/TIMER1_prog.o
                0x0000188c                TIMER1_enuCallBack
 .text.__vector_7
                0x00001956       0x6e ./MCAL/TIMER/TIMER1/TIMER1_prog.o
                0x00001956                __vector_7
 .text.__vector_8
                0x000019c4       0x6e ./MCAL/TIMER/TIMER1/TIMER1_prog.o
                0x000019c4                __vector_8
 .text.__vector_9
                0x00001a32       0x6e ./MCAL/TIMER/TIMER1/TIMER1_prog.o
                0x00001a32                __vector_9
 .text.TIMER0_enuInit
                0x00001aa0       0x80 ./MCAL/TIMER/TIMER0/TIMER0_prog.o
                0x00001aa0                TIMER0_enuInit
 .text.TIMER0_enuSetCTC
                0x00001b20       0x26 ./MCAL/TIMER/TIMER0/TIMER0_prog.o
                0x00001b20                TIMER0_enuSetCTC
 .text.TIMER0_enuSetPreload
                0x00001b46       0x26 ./MCAL/TIMER/TIMER0/TIMER0_prog.o
                0x00001b46                TIMER0_enuSetPreload
 .text.TIMER0_enuDelayMilliSecond
                0x00001b6c       0x52 ./MCAL/TIMER/TIMER0/TIMER0_prog.o
                0x00001b6c                TIMER0_enuDelayMilliSecond
 .text.TIMER0_enuGeneratePWM
                0x00001bbe       0x7a ./MCAL/TIMER/TIMER0/TIMER0_prog.o
                0x00001bbe                TIMER0_enuGeneratePWM
 .text.TIMER0_enuCallBackOVF
                0x00001c38       0x54 ./MCAL/TIMER/TIMER0/TIMER0_prog.o
                0x00001c38                TIMER0_enuCallBackOVF
 .text.TIMER0_enuCallBackCTC
                0x00001c8c       0x54 ./MCAL/TIMER/TIMER0/TIMER0_prog.o
                0x00001c8c                TIMER0_enuCallBackCTC
 .text.TIMER0_enuEnableOVFINTERRUPT
                0x00001ce0       0x28 ./MCAL/TIMER/TIMER0/TIMER0_prog.o
                0x00001ce0                TIMER0_enuEnableOVFINTERRUPT
 .text.TIMER0_enuEnableCTCINTERRUPT
                0x00001d08       0x28 ./MCAL/TIMER/TIMER0/TIMER0_prog.o
                0x00001d08                TIMER0_enuEnableCTCINTERRUPT
 .text.TIMER0_enuSetAsychDelay
                0x00001d30      0x1d4 ./MCAL/TIMER/TIMER0/TIMER0_prog.o
                0x00001d30                TIMER0_enuSetAsychDelay
 .text.TIMER0_enuSetSychDelay
                0x00001f04      0x1fc ./MCAL/TIMER/TIMER0/TIMER0_prog.o
                0x00001f04                TIMER0_enuSetSychDelay
 .text.__vector_11
                0x00002100      0x1b6 ./MCAL/TIMER/TIMER0/TIMER0_prog.o
                0x00002100                __vector_11
 .text.__vector_10
                0x000022b6       0x6e ./MCAL/TIMER/TIMER0/TIMER0_prog.o
                0x000022b6                __vector_10
 .text.ICU_enuInit
                0x00002324       0x28 ./MCAL/TIMER/ICU_HW/ICU_HW_prog.o
                0x00002324                ICU_enuInit
 .text.ICU_enuEnableINTERRUPT
                0x0000234c       0x28 ./MCAL/TIMER/ICU_HW/ICU_HW_prog.o
                0x0000234c                ICU_enuEnableINTERRUPT
 .text.ICU_enuDisableINTERRUPT
                0x00002374       0x28 ./MCAL/TIMER/ICU_HW/ICU_HW_prog.o
                0x00002374                ICU_enuDisableINTERRUPT
 .text.ICU_enuSetTriggerEdge
                0x0000239c       0x52 ./MCAL/TIMER/ICU_HW/ICU_HW_prog.o
                0x0000239c                ICU_enuSetTriggerEdge
 .text.ICU_enuReadInputCapture
                0x000023ee       0x34 ./MCAL/TIMER/ICU_HW/ICU_HW_prog.o
                0x000023ee                ICU_enuReadInputCapture
 .text.ICU_enuCallBack
                0x00002422       0x54 ./MCAL/TIMER/ICU_HW/ICU_HW_prog.o
                0x00002422                ICU_enuCallBack
 .text.__vector_6
                0x00002476       0x6e ./MCAL/TIMER/ICU_HW/ICU_HW_prog.o
                0x00002476                __vector_6
 .text.IIC_enuInit
                0x000024e4       0x4c ./MCAL/I2C_TWI/TWI_prog.o
                0x000024e4                IIC_enuInit
 .text.IIC_enuStartCondition
                0x00002530       0x40 ./MCAL/I2C_TWI/TWI_prog.o
                0x00002530                IIC_enuStartCondition
 .text.IIC_enuRepeatedStartCondition
                0x00002570       0x54 ./MCAL/I2C_TWI/TWI_prog.o
                0x00002570                IIC_enuRepeatedStartCondition
 .text.IIC_enuStopCondition
                0x000025c4       0x70 ./MCAL/I2C_TWI/TWI_prog.o
                0x000025c4                IIC_enuStopCondition
 .text.IIC_enuWriteSlaveAddress
                0x00002634       0xaa ./MCAL/I2C_TWI/TWI_prog.o
                0x00002634                IIC_enuWriteSlaveAddress
 .text.IIC_enuWriteData
                0x000026de       0x52 ./MCAL/I2C_TWI/TWI_prog.o
                0x000026de                IIC_enuWriteData
 .text.IIC_enuCheckMyAddress
                0x00002730       0x6e ./MCAL/I2C_TWI/TWI_prog.o
                0x00002730                IIC_enuCheckMyAddress
 .text.IIC_enuReadData
                0x0000279e       0x42 ./MCAL/I2C_TWI/TWI_prog.o
                0x0000279e                IIC_enuReadData
 .text.GIE_enuEnable
                0x000027e0       0x28 ./MCAL/GIE/GIE_prog.o
                0x000027e0                GIE_enuEnable
 .text.GIE_enuDisable
                0x00002808       0x28 ./MCAL/GIE/GIE_prog.o
                0x00002808                GIE_enuDisable
 .text.EINT_enuInit
                0x00002830      0x2c0 ./MCAL/EINT/INT_prog.o
                0x00002830                EINT_enuInit
 .text.EINT_enuEnableINT
                0x00002af0       0x8c ./MCAL/EINT/INT_prog.o
                0x00002af0                EINT_enuEnableINT
 .text.EINT_enuDisableINT
                0x00002b7c       0x8c ./MCAL/EINT/INT_prog.o
                0x00002b7c                EINT_enuDisableINT
 .text.EINT_enuSelectSenceLevel
                0x00002c08      0x220 ./MCAL/EINT/INT_prog.o
                0x00002c08                EINT_enuSelectSenceLevel
 .text.EINT_enuCallBack
                0x00002e28       0x7c ./MCAL/EINT/INT_prog.o
                0x00002e28                EINT_enuCallBack
 .text.__vector_1
                0x00002ea4       0x6e ./MCAL/EINT/INT_prog.o
                0x00002ea4                __vector_1
 .text.__vector_2
                0x00002f12       0x6e ./MCAL/EINT/INT_prog.o
                0x00002f12                __vector_2
 .text.__vector_3
                0x00002f80       0x6e ./MCAL/EINT/INT_prog.o
                0x00002f80                __vector_3
 .text.DIO_enuInit
                0x00002fee       0x58 ./MCAL/DIO/DIO_program.o
                0x00002fee                DIO_enuInit
 .text.DIO_enuSetPortDirection
                0x00003046       0x9a ./MCAL/DIO/DIO_program.o
                0x00003046                DIO_enuSetPortDirection
 .text.DIO_enuSetPortValue
                0x000030e0       0x9a ./MCAL/DIO/DIO_program.o
                0x000030e0                DIO_enuSetPortValue
 .text.DIO_enuTogPortValue
                0x0000317a       0xae ./MCAL/DIO/DIO_program.o
                0x0000317a                DIO_enuTogPortValue
 .text.DIO_enuGetPortValue
                0x00003228       0xba ./MCAL/DIO/DIO_program.o
                0x00003228                DIO_enuGetPortValue
 .text.DIO_enuSetPinDirection
                0x000032e2      0x1d8 ./MCAL/DIO/DIO_program.o
                0x000032e2                DIO_enuSetPinDirection
 .text.DIO_enuSetPinValue
                0x000034ba      0x1d8 ./MCAL/DIO/DIO_program.o
                0x000034ba                DIO_enuSetPinValue
 .text.DIO_enuTogPinValue
                0x00003692      0x11c ./MCAL/DIO/DIO_program.o
                0x00003692                DIO_enuTogPinValue
 .text.DIO_enuGetPinValue
                0x000037ae      0x138 ./MCAL/DIO/DIO_program.o
                0x000037ae                DIO_enuGetPinValue
 .text.ADC_enuInit
                0x000038e6       0x76 ./MCAL/ADC/ADC_prog.o
                0x000038e6                ADC_enuInit
 .text.ADC_enuStartConversion
                0x0000395c       0x28 ./MCAL/ADC/ADC_prog.o
                0x0000395c                ADC_enuStartConversion
 .text.ADC_enuPollingSystem
                0x00003984       0x3e ./MCAL/ADC/ADC_prog.o
                0x00003984                ADC_enuPollingSystem
 .text.ADC_enuReadHighValue
                0x000039c2       0x60 ./MCAL/ADC/ADC_prog.o
                0x000039c2                ADC_enuReadHighValue
 .text.ADC_enuRead
                0x00003a22       0x58 ./MCAL/ADC/ADC_prog.o
                0x00003a22                ADC_enuRead
 .text.ADC_enuCallBack
                0x00003a7a       0x54 ./MCAL/ADC/ADC_prog.o
                0x00003a7a                ADC_enuCallBack
 .text.ADC_enuSelectChannel
                0x00003ace       0x48 ./MCAL/ADC/ADC_prog.o
                0x00003ace                ADC_enuSelectChannel
 .text.ADC_enuEnableTriggeringMode
                0x00003b16      0x234 ./MCAL/ADC/ADC_prog.o
                0x00003b16                ADC_enuEnableTriggeringMode
 .text.ADC_enuDisableTriggeringMode
                0x00003d4a       0x28 ./MCAL/ADC/ADC_prog.o
                0x00003d4a                ADC_enuDisableTriggeringMode
 .text.ADC_enuEnableInterruptMode
                0x00003d72       0x28 ./MCAL/ADC/ADC_prog.o
                0x00003d72                ADC_enuEnableInterruptMode
 .text.ADC_enuDisableInterruptMode
                0x00003d9a       0x28 ./MCAL/ADC/ADC_prog.o
                0x00003d9a                ADC_enuDisableInterruptMode
 .text.ADC_enuEnable
                0x00003dc2       0x28 ./MCAL/ADC/ADC_prog.o
                0x00003dc2                ADC_enuEnable
 .text.ADC_enuDisable
                0x00003dea       0x28 ./MCAL/ADC/ADC_prog.o
                0x00003dea                ADC_enuDisable
 .text.__vector_16
                0x00003e12       0x6e ./MCAL/ADC/ADC_prog.o
                0x00003e12                __vector_16
 .text.SERVO_enudInit
                0x00003e80       0x44 ./HAL/Servo_Motor/Servo_prog.o
                0x00003e80                SERVO_enudInit
 .text.SERVO_enuSetAngle
                0x00003ec4       0x78 ./HAL/Servo_Motor/Servo_prog.o
                0x00003ec4                SERVO_enuSetAngle
 .text.LED_enuInit
                0x00003f3c      0x280 ./HAL/LED/LED_program.o
                0x00003f3c                LED_enuInit
 .text.LED_enuTurnON
                0x000041bc       0x76 ./HAL/LED/LED_program.o
                0x000041bc                LED_enuTurnON
 .text.LED_enuTurnOFF
                0x00004232       0x76 ./HAL/LED/LED_program.o
                0x00004232                LED_enuTurnOFF
 .text.LCD_enuInit
                0x000042a8      0x572 ./HAL/LCD/LCD_prog.o
                0x000042a8                LCD_enuInit
 .text.LCD_enuDisplayChar
                0x0000481a       0x2c ./HAL/LCD/LCD_prog.o
                0x0000481a                LCD_enuDisplayChar
 .text.LCD_enuDisplayString
                0x00004846       0x52 ./HAL/LCD/LCD_prog.o
                0x00004846                LCD_enuDisplayString
 .text.LCD_enuSendCommand
                0x00004898       0x2c ./HAL/LCD/LCD_prog.o
                0x00004898                LCD_enuSendCommand
 .text.LCD_enuGoToPosition
                0x000048c4       0x54 ./HAL/LCD/LCD_prog.o
                0x000048c4                LCD_enuGoToPosition
 .text.LCD_enuDisplayNum
                0x00004918      0x14c ./HAL/LCD/LCD_prog.o
                0x00004918                LCD_enuDisplayNum
 .text.LCD_enuSendSpecialNumber
                0x00004a64      0x14a ./HAL/LCD/LCD_prog.o
                0x00004a64                LCD_enuSendSpecialNumber
 .text.POWER_u32PowerNumbers
                0x00004bae       0x84 ./HAL/LCD/LCD_prog.o
                0x00004bae                POWER_u32PowerNumbers
 .text.LCD_vidLatch
                0x00004c32      0x2ba ./HAL/LCD/LCD_prog.o
 .text.LCD_invidSendCommand
                0x00004eec      0x1e0 ./HAL/LCD/LCD_prog.o
 .text.LCD_enuClearLcd
                0x000050cc       0x1e ./HAL/LCD/LCD_prog.o
                0x000050cc                LCD_enuClearLcd
 .text.HC_05_enuInit
                0x000050ea       0x3c ./HAL/HC-05/HC-05_program.o
                0x000050ea                HC_05_enuInit
 .text.HC_05_enuRecieveString
                0x00005126       0x2a ./HAL/HC-05/HC-05_program.o
                0x00005126                HC_05_enuRecieveString
 .text.HC_05_enuSendString
                0x00005150       0x2a ./HAL/HC-05/HC-05_program.o
                0x00005150                HC_05_enuSendString
 .text.HC_05_enuSendChar
                0x0000517a       0x22 ./HAL/HC-05/HC-05_program.o
                0x0000517a                HC_05_enuSendChar
 .text.HC_05_enuRecieveChar
                0x0000519c       0x2a ./HAL/HC-05/HC-05_program.o
                0x0000519c                HC_05_enuRecieveChar
 .text.EEPROM_enuInit
                0x000051c6       0x1c ./HAL/EEPROM/EEPROM_prog.o
                0x000051c6                EEPROM_enuInit
 .text.EEPROM_enuWriteData
                0x000051e2       0x72 ./HAL/EEPROM/EEPROM_prog.o
                0x000051e2                EEPROM_enuWriteData
 .text.EEPROM_enuReadData
                0x00005254       0x90 ./HAL/EEPROM/EEPROM_prog.o
                0x00005254                EEPROM_enuReadData
 .text.DC_Motor_enuInit
                0x000052e4      0x154 ./HAL/DC_Motor/DC_prog.o
                0x000052e4                DC_Motor_enuInit
 .text.DC_Motor_enuRotate
                0x00005438      0x282 ./HAL/DC_Motor/DC_prog.o
                0x00005438                DC_Motor_enuRotate
 .text.DC_Motor_enuStop
                0x000056ba      0x14e ./HAL/DC_Motor/DC_prog.o
                0x000056ba                DC_Motor_enuStop
 .text.APP_ReceiveData
                0x00005808      0x206 ./APP/APP_program.o
                0x00005808                APP_ReceiveData
 .text.APP_enuInit
                0x00005a0e       0x40 ./APP/APP_program.o
                0x00005a0e                APP_enuInit
 .text.main     0x00005a4e       0x12 ./APP/main.o
                0x00005a4e                main
 .text.libgcc   0x00005a60       0x3e d:/iti_embedded_system/03- imt sdk/imt_sdk_win_64/winavr/bin/../lib/gcc/avr/4.3.3/avr5\libgcc.a(_mulsi3.o)
                0x00005a60                __mulsi3
 .text.libgcc   0x00005a9e       0x44 d:/iti_embedded_system/03- imt sdk/imt_sdk_win_64/winavr/bin/../lib/gcc/avr/4.3.3/avr5\libgcc.a(_udivmodsi4.o)
                0x00005a9e                __udivmodsi4
 .text.libgcc   0x00005ae2        0x0 d:/iti_embedded_system/03- imt sdk/imt_sdk_win_64/winavr/bin/../lib/gcc/avr/4.3.3/avr5\libgcc.a(_exit.o)
 .text.libgcc   0x00005ae2        0x0 d:/iti_embedded_system/03- imt sdk/imt_sdk_win_64/winavr/bin/../lib/gcc/avr/4.3.3/avr5\libgcc.a(_copy_data.o)
 .text.libgcc   0x00005ae2        0x0 d:/iti_embedded_system/03- imt sdk/imt_sdk_win_64/winavr/bin/../lib/gcc/avr/4.3.3/avr5\libgcc.a(_clear_bss.o)
 .text.libgcc   0x00005ae2       0x38 d:/iti_embedded_system/03- imt sdk/imt_sdk_win_64/winavr/bin/../lib/gcc/avr/4.3.3/avr5\libgcc.a(_prologue.o)
                0x00005ae2                __prologue_saves__
 .text.libgcc   0x00005b1a       0x36 d:/iti_embedded_system/03- imt sdk/imt_sdk_win_64/winavr/bin/../lib/gcc/avr/4.3.3/avr5\libgcc.a(_epilogue.o)
                0x00005b1a                __epilogue_restores__
                0x00005b50                . = ALIGN (0x2)
 *(.fini9)
 .fini9         0x00005b50        0x0 d:/iti_embedded_system/03- imt sdk/imt_sdk_win_64/winavr/bin/../lib/gcc/avr/4.3.3/avr5\libgcc.a(_exit.o)
                0x00005b50                exit
                0x00005b50                _exit
 *(.fini9)
 *(.fini8)
 *(.fini8)
 *(.fini7)
 *(.fini7)
 *(.fini6)
 *(.fini6)
 *(.fini5)
 *(.fini5)
 *(.fini4)
 *(.fini4)
 *(.fini3)
 *(.fini3)
 *(.fini2)
 *(.fini2)
 *(.fini1)
 *(.fini1)
 *(.fini0)
 .fini0         0x00005b50        0x4 d:/iti_embedded_system/03- imt sdk/imt_sdk_win_64/winavr/bin/../lib/gcc/avr/4.3.3/avr5\libgcc.a(_exit.o)
 *(.fini0)
                0x00005b54                _etext = .

.data           0x00800060      0x242 load address 0x00005b54
                0x00800060                PROVIDE (__data_start, .)
 *(.data)
 .data          0x00800060        0x0 d:/iti_embedded_system/03- imt sdk/imt_sdk_win_64/winavr/bin/../lib/gcc/avr/4.3.3/../../../../avr/lib/avr5/crtm32.o
 .data          0x00800060        0x0 ./MCAL/USART/USART_prog.o
 .data          0x00800060        0x0 ./MCAL/TIMER/WATCHDOG/WDT_prog.o
 .data          0x00800060        0x0 ./MCAL/TIMER/TIMER2/TIMER2_prog.o
 .data          0x00800060        0x0 ./MCAL/TIMER/TIMER1/TIMER1_prog.o
 .data          0x00800060        0x0 ./MCAL/TIMER/TIMER0/TIMER0_prog.o
 .data          0x00800060        0x0 ./MCAL/TIMER/ICU_HW/ICU_HW_prog.o
 .data          0x00800060        0x0 ./MCAL/I2C_TWI/TWI_prog.o
 .data          0x00800060        0x0 ./MCAL/GIE/GIE_prog.o
 .data          0x00800060        0x0 ./MCAL/EINT/INT_config.o
 .data          0x00800060        0x0 ./MCAL/EINT/INT_prog.o
 .data          0x00800060        0x0 ./MCAL/DIO/DIO_program.o
 .data          0x00800060        0x0 ./MCAL/ADC/ADC_prog.o
 .data          0x00800060        0x0 ./HAL/Servo_Motor/Servo_prog.o
 .data          0x00800060        0x0 ./HAL/LED/LED_config.o
 .data          0x00800060        0x0 ./HAL/LED/LED_program.o
 .data          0x00800060        0x0 ./HAL/LCD/LCD_prog.o
 .data          0x00800060        0x0 ./HAL/HC-05/HC-05_program.o
 .data          0x00800060        0x0 ./HAL/EEPROM/EEPROM_prog.o
 .data          0x00800060        0x0 ./HAL/DC_Motor/DC_config.o
 .data          0x00800060        0x0 ./HAL/DC_Motor/DC_prog.o
 .data          0x00800060        0x0 ./APP/APP_config.o
 .data          0x00800060       0x69 ./APP/APP_program.o
 .data          0x008000c9        0x0 ./APP/main.o
 .data          0x008000c9        0x0 d:/iti_embedded_system/03- imt sdk/imt_sdk_win_64/winavr/bin/../lib/gcc/avr/4.3.3/avr5\libgcc.a(_mulsi3.o)
 .data          0x008000c9        0x0 d:/iti_embedded_system/03- imt sdk/imt_sdk_win_64/winavr/bin/../lib/gcc/avr/4.3.3/avr5\libgcc.a(_udivmodsi4.o)
 .data          0x008000c9        0x0 d:/iti_embedded_system/03- imt sdk/imt_sdk_win_64/winavr/bin/../lib/gcc/avr/4.3.3/avr5\libgcc.a(_exit.o)
 .data          0x008000c9        0x0 d:/iti_embedded_system/03- imt sdk/imt_sdk_win_64/winavr/bin/../lib/gcc/avr/4.3.3/avr5\libgcc.a(_copy_data.o)
 .data          0x008000c9        0x0 d:/iti_embedded_system/03- imt sdk/imt_sdk_win_64/winavr/bin/../lib/gcc/avr/4.3.3/avr5\libgcc.a(_clear_bss.o)
 .data          0x008000c9        0x0 d:/iti_embedded_system/03- imt sdk/imt_sdk_win_64/winavr/bin/../lib/gcc/avr/4.3.3/avr5\libgcc.a(_fixunssfsi.o)
 .data          0x008000c9        0x0 d:/iti_embedded_system/03- imt sdk/imt_sdk_win_64/winavr/bin/../lib/gcc/avr/4.3.3/avr5\libgcc.a(_addsub_sf.o)
 .data          0x008000c9        0x0 d:/iti_embedded_system/03- imt sdk/imt_sdk_win_64/winavr/bin/../lib/gcc/avr/4.3.3/avr5\libgcc.a(_mul_sf.o)
 .data          0x008000c9        0x0 d:/iti_embedded_system/03- imt sdk/imt_sdk_win_64/winavr/bin/../lib/gcc/avr/4.3.3/avr5\libgcc.a(_div_sf.o)
 .data          0x008000c9        0x0 d:/iti_embedded_system/03- imt sdk/imt_sdk_win_64/winavr/bin/../lib/gcc/avr/4.3.3/avr5\libgcc.a(_ne_sf.o)
 .data          0x008000c9        0x0 d:/iti_embedded_system/03- imt sdk/imt_sdk_win_64/winavr/bin/../lib/gcc/avr/4.3.3/avr5\libgcc.a(_gt_sf.o)
 .data          0x008000c9        0x0 d:/iti_embedded_system/03- imt sdk/imt_sdk_win_64/winavr/bin/../lib/gcc/avr/4.3.3/avr5\libgcc.a(_ge_sf.o)
 .data          0x008000c9        0x0 d:/iti_embedded_system/03- imt sdk/imt_sdk_win_64/winavr/bin/../lib/gcc/avr/4.3.3/avr5\libgcc.a(_lt_sf.o)
 .data          0x008000c9        0x0 d:/iti_embedded_system/03- imt sdk/imt_sdk_win_64/winavr/bin/../lib/gcc/avr/4.3.3/avr5\libgcc.a(_sf_to_si.o)
 .data          0x008000c9        0x8 d:/iti_embedded_system/03- imt sdk/imt_sdk_win_64/winavr/bin/../lib/gcc/avr/4.3.3/avr5\libgcc.a(_thenan_sf.o)
                0x008000c9                __thenan_sf
 .data          0x008000d1        0x0 d:/iti_embedded_system/03- imt sdk/imt_sdk_win_64/winavr/bin/../lib/gcc/avr/4.3.3/avr5\libgcc.a(_usi_to_sf.o)
 .data          0x008000d1        0x0 d:/iti_embedded_system/03- imt sdk/imt_sdk_win_64/winavr/bin/../lib/gcc/avr/4.3.3/avr5\libgcc.a(_prologue.o)
 .data          0x008000d1        0x0 d:/iti_embedded_system/03- imt sdk/imt_sdk_win_64/winavr/bin/../lib/gcc/avr/4.3.3/avr5\libgcc.a(_epilogue.o)
 .data          0x008000d1        0x0 d:/iti_embedded_system/03- imt sdk/imt_sdk_win_64/winavr/bin/../lib/gcc/avr/4.3.3/avr5\libgcc.a(_clzsi2.o)
 .data          0x008000d1        0x0 d:/iti_embedded_system/03- imt sdk/imt_sdk_win_64/winavr/bin/../lib/gcc/avr/4.3.3/avr5\libgcc.a(_pack_sf.o)
 .data          0x008000d1        0x0 d:/iti_embedded_system/03- imt sdk/imt_sdk_win_64/winavr/bin/../lib/gcc/avr/4.3.3/avr5\libgcc.a(_unpack_sf.o)
 .data          0x008000d1        0x0 d:/iti_embedded_system/03- imt sdk/imt_sdk_win_64/winavr/bin/../lib/gcc/avr/4.3.3/avr5\libgcc.a(_fpcmp_parts_sf.o)
 .data          0x008000d1      0x100 d:/iti_embedded_system/03- imt sdk/imt_sdk_win_64/winavr/bin/../lib/gcc/avr/4.3.3/avr5\libgcc.a(_clz.o)
                0x008000d1                __clz_tab
 *(.data*)
 .data.ISR_u32ActionCounter
                0x008001d1        0x4 ./MCAL/TIMER/TIMER0/TIMER0_prog.o
                0x008001d1                ISR_u32ActionCounter
 .data.EINT_tstrEINTcofig
                0x008001d5        0x6 ./MCAL/EINT/INT_config.o
                0x008001d5                EINT_tstrEINTcofig
 .data.LED_AstrLedConfig
                0x008001db       0x14 ./HAL/LED/LED_config.o
                0x008001db                LED_AstrLedConfig
 .data.Array_u8Num
                0x008001ef        0xa ./HAL/LCD/LCD_prog.o
                0x008001ef                Array_u8Num
 .data.DC_MOTOR_AStrConfig
                0x008001f9        0x8 ./HAL/DC_Motor/DC_config.o
                0x008001f9                DC_MOTOR_AStrConfig
 .data.APP_AstUsers
                0x00800201       0xa0 ./APP/APP_config.o
                0x00800201                APP_AstUsers
 .data.Local_u8Address
                0x008002a1        0x1 ./APP/APP_program.o
 *(.rodata)
 *(.rodata*)
 *(.gnu.linkonce.d*)
                0x008002a2                . = ALIGN (0x2)
                0x008002a2                _edata = .
                0x008002a2                PROVIDE (__data_end, .)

.bss            0x008002a2       0x6f
                0x008002a2                PROVIDE (__bss_start, .)
 *(.bss)
 .bss           0x008002a2        0x0 d:/iti_embedded_system/03- imt sdk/imt_sdk_win_64/winavr/bin/../lib/gcc/avr/4.3.3/../../../../avr/lib/avr5/crtm32.o
 .bss           0x008002a2        0x0 ./MCAL/USART/USART_prog.o
 .bss           0x008002a2        0x0 ./MCAL/TIMER/WATCHDOG/WDT_prog.o
 .bss           0x008002a2        0x0 ./MCAL/TIMER/TIMER2/TIMER2_prog.o
 .bss           0x008002a2        0x0 ./MCAL/TIMER/TIMER1/TIMER1_prog.o
 .bss           0x008002a2        0x0 ./MCAL/TIMER/TIMER0/TIMER0_prog.o
 .bss           0x008002a2        0x0 ./MCAL/TIMER/ICU_HW/ICU_HW_prog.o
 .bss           0x008002a2        0x0 ./MCAL/I2C_TWI/TWI_prog.o
 .bss           0x008002a2        0x0 ./MCAL/GIE/GIE_prog.o
 .bss           0x008002a2        0x0 ./MCAL/EINT/INT_config.o
 .bss           0x008002a2        0x0 ./MCAL/EINT/INT_prog.o
 .bss           0x008002a2        0x0 ./MCAL/DIO/DIO_program.o
 .bss           0x008002a2        0x0 ./MCAL/ADC/ADC_prog.o
 .bss           0x008002a2        0x0 ./HAL/Servo_Motor/Servo_prog.o
 .bss           0x008002a2        0x0 ./HAL/LED/LED_config.o
 .bss           0x008002a2        0x0 ./HAL/LED/LED_program.o
 .bss           0x008002a2        0x0 ./HAL/LCD/LCD_prog.o
 .bss           0x008002a2        0x0 ./HAL/HC-05/HC-05_program.o
 .bss           0x008002a2        0x0 ./HAL/EEPROM/EEPROM_prog.o
 .bss           0x008002a2        0x0 ./HAL/DC_Motor/DC_config.o
 .bss           0x008002a2        0x0 ./HAL/DC_Motor/DC_prog.o
 .bss           0x008002a2        0x0 ./APP/APP_config.o
 .bss           0x008002a2        0x0 ./APP/APP_program.o
 .bss           0x008002a2        0x0 ./APP/main.o
 .bss           0x008002a2        0x0 d:/iti_embedded_system/03- imt sdk/imt_sdk_win_64/winavr/bin/../lib/gcc/avr/4.3.3/avr5\libgcc.a(_mulsi3.o)
 .bss           0x008002a2        0x0 d:/iti_embedded_system/03- imt sdk/imt_sdk_win_64/winavr/bin/../lib/gcc/avr/4.3.3/avr5\libgcc.a(_udivmodsi4.o)
 .bss           0x008002a2        0x0 d:/iti_embedded_system/03- imt sdk/imt_sdk_win_64/winavr/bin/../lib/gcc/avr/4.3.3/avr5\libgcc.a(_exit.o)
 .bss           0x008002a2        0x0 d:/iti_embedded_system/03- imt sdk/imt_sdk_win_64/winavr/bin/../lib/gcc/avr/4.3.3/avr5\libgcc.a(_copy_data.o)
 .bss           0x008002a2        0x0 d:/iti_embedded_system/03- imt sdk/imt_sdk_win_64/winavr/bin/../lib/gcc/avr/4.3.3/avr5\libgcc.a(_clear_bss.o)
 .bss           0x008002a2        0x0 d:/iti_embedded_system/03- imt sdk/imt_sdk_win_64/winavr/bin/../lib/gcc/avr/4.3.3/avr5\libgcc.a(_fixunssfsi.o)
 .bss           0x008002a2        0x0 d:/iti_embedded_system/03- imt sdk/imt_sdk_win_64/winavr/bin/../lib/gcc/avr/4.3.3/avr5\libgcc.a(_addsub_sf.o)
 .bss           0x008002a2        0x0 d:/iti_embedded_system/03- imt sdk/imt_sdk_win_64/winavr/bin/../lib/gcc/avr/4.3.3/avr5\libgcc.a(_mul_sf.o)
 .bss           0x008002a2        0x0 d:/iti_embedded_system/03- imt sdk/imt_sdk_win_64/winavr/bin/../lib/gcc/avr/4.3.3/avr5\libgcc.a(_div_sf.o)
 .bss           0x008002a2        0x0 d:/iti_embedded_system/03- imt sdk/imt_sdk_win_64/winavr/bin/../lib/gcc/avr/4.3.3/avr5\libgcc.a(_ne_sf.o)
 .bss           0x008002a2        0x0 d:/iti_embedded_system/03- imt sdk/imt_sdk_win_64/winavr/bin/../lib/gcc/avr/4.3.3/avr5\libgcc.a(_gt_sf.o)
 .bss           0x008002a2        0x0 d:/iti_embedded_system/03- imt sdk/imt_sdk_win_64/winavr/bin/../lib/gcc/avr/4.3.3/avr5\libgcc.a(_ge_sf.o)
 .bss           0x008002a2        0x0 d:/iti_embedded_system/03- imt sdk/imt_sdk_win_64/winavr/bin/../lib/gcc/avr/4.3.3/avr5\libgcc.a(_lt_sf.o)
 .bss           0x008002a2        0x0 d:/iti_embedded_system/03- imt sdk/imt_sdk_win_64/winavr/bin/../lib/gcc/avr/4.3.3/avr5\libgcc.a(_sf_to_si.o)
 .bss           0x008002a2        0x0 d:/iti_embedded_system/03- imt sdk/imt_sdk_win_64/winavr/bin/../lib/gcc/avr/4.3.3/avr5\libgcc.a(_thenan_sf.o)
 .bss           0x008002a2        0x0 d:/iti_embedded_system/03- imt sdk/imt_sdk_win_64/winavr/bin/../lib/gcc/avr/4.3.3/avr5\libgcc.a(_usi_to_sf.o)
 .bss           0x008002a2        0x0 d:/iti_embedded_system/03- imt sdk/imt_sdk_win_64/winavr/bin/../lib/gcc/avr/4.3.3/avr5\libgcc.a(_prologue.o)
 .bss           0x008002a2        0x0 d:/iti_embedded_system/03- imt sdk/imt_sdk_win_64/winavr/bin/../lib/gcc/avr/4.3.3/avr5\libgcc.a(_epilogue.o)
 .bss           0x008002a2        0x0 d:/iti_embedded_system/03- imt sdk/imt_sdk_win_64/winavr/bin/../lib/gcc/avr/4.3.3/avr5\libgcc.a(_clzsi2.o)
 .bss           0x008002a2        0x0 d:/iti_embedded_system/03- imt sdk/imt_sdk_win_64/winavr/bin/../lib/gcc/avr/4.3.3/avr5\libgcc.a(_pack_sf.o)
 .bss           0x008002a2        0x0 d:/iti_embedded_system/03- imt sdk/imt_sdk_win_64/winavr/bin/../lib/gcc/avr/4.3.3/avr5\libgcc.a(_unpack_sf.o)
 .bss           0x008002a2        0x0 d:/iti_embedded_system/03- imt sdk/imt_sdk_win_64/winavr/bin/../lib/gcc/avr/4.3.3/avr5\libgcc.a(_fpcmp_parts_sf.o)
 .bss           0x008002a2        0x0 d:/iti_embedded_system/03- imt sdk/imt_sdk_win_64/winavr/bin/../lib/gcc/avr/4.3.3/avr5\libgcc.a(_clz.o)
 *(.bss*)
 .bss.TIMER2_APfunCallBack
                0x008002a2        0x6 ./MCAL/TIMER/TIMER2/TIMER2_prog.o
 .bss.TIMER2_APvidParameter
                0x008002a8        0x6 ./MCAL/TIMER/TIMER2/TIMER2_prog.o
 .bss.Timer2_NumOVF
                0x008002ae        0x4 ./MCAL/TIMER/TIMER2/TIMER2_prog.o
 .bss.Timer2_Preload
                0x008002b2        0x4 ./MCAL/TIMER/TIMER2/TIMER2_prog.o
 .bss.TIMER1_APfunCallBack
                0x008002b6        0x6 ./MCAL/TIMER/TIMER1/TIMER1_prog.o
 .bss.TIMER1_APvidParameter
                0x008002bc        0x6 ./MCAL/TIMER/TIMER1/TIMER1_prog.o
 .bss.TIMER0_u8NumberOfOverflow
                0x008002c2        0x1 ./MCAL/TIMER/TIMER0/TIMER0_prog.o
                0x008002c2                TIMER0_u8NumberOfOverflow
 .bss.TIMER0_u8Preload
                0x008002c3        0x1 ./MCAL/TIMER/TIMER0/TIMER0_prog.o
                0x008002c3                TIMER0_u8Preload
 .bss.TIMER0_u32StartDelay
                0x008002c4        0x4 ./MCAL/TIMER/TIMER0/TIMER0_prog.o
                0x008002c4                TIMER0_u32StartDelay
 .bss.TIMER0_u32StopTime
                0x008002c8        0x4 ./MCAL/TIMER/TIMER0/TIMER0_prog.o
                0x008002c8                TIMER0_u32StopTime
 .bss.ISR_u32Counter
                0x008002cc        0x4 ./MCAL/TIMER/TIMER0/TIMER0_prog.o
                0x008002cc                ISR_u32Counter
 .bss.TIMER0_APfunCallBack
                0x008002d0        0x6 ./MCAL/TIMER/TIMER0/TIMER0_prog.o
 .bss.TIMER0_APvidParameter
                0x008002d6        0x6 ./MCAL/TIMER/TIMER0/TIMER0_prog.o
 .bss.Timer0_NumOVF
                0x008002dc        0x4 ./MCAL/TIMER/TIMER0/TIMER0_prog.o
 .bss.Timer0_Preload
                0x008002e0        0x4 ./MCAL/TIMER/TIMER0/TIMER0_prog.o
 .bss.ICU_PvCallBackFunc
                0x008002e4        0x2 ./MCAL/TIMER/ICU_HW/ICU_HW_prog.o
 .bss.ICU_PvCallBackParameter
                0x008002e6        0x2 ./MCAL/TIMER/ICU_HW/ICU_HW_prog.o
 .bss.EINT_pfunINT
                0x008002e8        0x6 ./MCAL/EINT/INT_prog.o
 .bss.EINT_ApvoidINT
                0x008002ee        0x6 ./MCAL/EINT/INT_prog.o
 .bss.ADC_pfunISRFun
                0x008002f4        0x2 ./MCAL/ADC/ADC_prog.o
 .bss.ADC_pvidISRParameter
                0x008002f6        0x2 ./MCAL/ADC/ADC_prog.o
 .bss.APP_u16EEPROMAddress
                0x008002f8        0x2 ./APP/APP_program.o
 .bss.DOOR_State
                0x008002fa        0x1 ./APP/APP_program.o
 .bss.GREENLED_State
                0x008002fb        0x1 ./APP/APP_program.o
 .bss.REDLED_State
                0x008002fc        0x1 ./APP/APP_program.o
 .bss.Current_Index
                0x008002fd        0x1 ./APP/APP_program.o
 .bss.check     0x008002fe        0x1 ./APP/main.o
                0x008002fe                check
 *(COMMON)
 COMMON         0x008002ff       0x11 ./APP/APP_program.o
                0x008002ff                Current_User
                0x0080030f                error
 COMMON         0x00800310        0x1 ./APP/main.o
                0x00800310                Local_enuErrorState
                0x00800311                PROVIDE (__bss_end, .)
                0x00005b54                __data_load_start = LOADADDR (.data)
                0x00005d96                __data_load_end = (__data_load_start + SIZEOF (.data))

.noinit         0x00800311        0x0
                0x00800311                PROVIDE (__noinit_start, .)
 *(.noinit*)
                0x00800311                PROVIDE (__noinit_end, .)
                0x00800311                _end = .
                0x00800311                PROVIDE (__heap_start, .)

.eeprom         0x00810000        0x0
 *(.eeprom*)
                0x00810000                __eeprom_end = .

.fuse
 *(.fuse)
 *(.lfuse)
 *(.hfuse)
 *(.efuse)

.lock
 *(.lock*)

.signature
 *(.signature*)

.stab           0x00000000     0x85e0
 *(.stab)
 .stab          0x00000000      0x84c ./MCAL/USART/USART_prog.o
 .stab          0x0000084c      0x348 ./MCAL/TIMER/WATCHDOG/WDT_prog.o
                                0x354 (size before relaxing)
 .stab          0x00000b94      0x7f8 ./MCAL/TIMER/TIMER2/TIMER2_prog.o
                                0x804 (size before relaxing)
 .stab          0x0000138c      0x738 ./MCAL/TIMER/TIMER1/TIMER1_prog.o
                                0x744 (size before relaxing)
 .stab          0x00001ac4      0xb64 ./MCAL/TIMER/TIMER0/TIMER0_prog.o
                                0xb70 (size before relaxing)
 .stab          0x00002628      0x558 ./MCAL/TIMER/ICU_HW/ICU_HW_prog.o
                                0x564 (size before relaxing)
 .stab          0x00002b80      0x6e4 ./MCAL/I2C_TWI/TWI_prog.o
                                0x6f0 (size before relaxing)
 .stab          0x00003264      0x294 ./MCAL/GIE/GIE_prog.o
                                0x2a0 (size before relaxing)
 .stab          0x000034f8      0x1d4 ./MCAL/EINT/INT_config.o
                                0x1e0 (size before relaxing)
 .stab          0x000036cc      0x834 ./MCAL/EINT/INT_prog.o
                                0x90c (size before relaxing)
 .stab          0x00003f00      0x9c0 ./MCAL/DIO/DIO_program.o
                                0x9cc (size before relaxing)
 .stab          0x000048c0      0xab0 ./MCAL/ADC/ADC_prog.o
                                0xabc (size before relaxing)
 .stab          0x00005370      0x2dc ./HAL/Servo_Motor/Servo_prog.o
                                0x2e8 (size before relaxing)
 .stab          0x0000564c      0x1d4 ./HAL/LED/LED_config.o
                                0x1e0 (size before relaxing)
 .stab          0x00005820      0x3f0 ./HAL/LED/LED_program.o
                                0x4c8 (size before relaxing)
 .stab          0x00005c10     0x11e8 ./HAL/LCD/LCD_prog.o
                               0x11f4 (size before relaxing)
 .stab          0x00006df8      0x420 ./HAL/HC-05/HC-05_program.o
                                0x42c (size before relaxing)
 .stab          0x00007218      0x420 ./HAL/EEPROM/EEPROM_prog.o
                                0x42c (size before relaxing)
 .stab          0x00007638      0x1d4 ./HAL/DC_Motor/DC_config.o
                                0x1e0 (size before relaxing)
 .stab          0x0000780c      0x594 ./HAL/DC_Motor/DC_prog.o
                                0x7f8 (size before relaxing)
 .stab          0x00007da0      0x1d4 ./APP/APP_config.o
                                0x1e0 (size before relaxing)
 .stab          0x00007f74      0x4ec ./APP/APP_program.o
                                0x750 (size before relaxing)
 .stab          0x00008460      0x180 ./APP/main.o
                                0x408 (size before relaxing)

.stabstr        0x00000000     0x2f4b
 *(.stabstr)
 .stabstr       0x00000000     0x2f4b ./MCAL/USART/USART_prog.o

.stab.excl
 *(.stab.excl)

.stab.exclstr
 *(.stab.exclstr)

.stab.index
 *(.stab.index)

.stab.indexstr
 *(.stab.indexstr)

.comment
 *(.comment)

.debug
 *(.debug)

.line
 *(.line)

.debug_srcinfo
 *(.debug_srcinfo)

.debug_sfnames
 *(.debug_sfnames)

.debug_aranges  0x00000000      0x1c0
 *(.debug_aranges)
 .debug_aranges
                0x00000000       0x20 d:/iti_embedded_system/03- imt sdk/imt_sdk_win_64/winavr/bin/../lib/gcc/avr/4.3.3/avr5\libgcc.a(_fixunssfsi.o)
 .debug_aranges
                0x00000020       0x20 d:/iti_embedded_system/03- imt sdk/imt_sdk_win_64/winavr/bin/../lib/gcc/avr/4.3.3/avr5\libgcc.a(_addsub_sf.o)
 .debug_aranges
                0x00000040       0x20 d:/iti_embedded_system/03- imt sdk/imt_sdk_win_64/winavr/bin/../lib/gcc/avr/4.3.3/avr5\libgcc.a(_mul_sf.o)
 .debug_aranges
                0x00000060       0x20 d:/iti_embedded_system/03- imt sdk/imt_sdk_win_64/winavr/bin/../lib/gcc/avr/4.3.3/avr5\libgcc.a(_div_sf.o)
 .debug_aranges
                0x00000080       0x20 d:/iti_embedded_system/03- imt sdk/imt_sdk_win_64/winavr/bin/../lib/gcc/avr/4.3.3/avr5\libgcc.a(_ne_sf.o)
 .debug_aranges
                0x000000a0       0x20 d:/iti_embedded_system/03- imt sdk/imt_sdk_win_64/winavr/bin/../lib/gcc/avr/4.3.3/avr5\libgcc.a(_gt_sf.o)
 .debug_aranges
                0x000000c0       0x20 d:/iti_embedded_system/03- imt sdk/imt_sdk_win_64/winavr/bin/../lib/gcc/avr/4.3.3/avr5\libgcc.a(_ge_sf.o)
 .debug_aranges
                0x000000e0       0x20 d:/iti_embedded_system/03- imt sdk/imt_sdk_win_64/winavr/bin/../lib/gcc/avr/4.3.3/avr5\libgcc.a(_lt_sf.o)
 .debug_aranges
                0x00000100       0x20 d:/iti_embedded_system/03- imt sdk/imt_sdk_win_64/winavr/bin/../lib/gcc/avr/4.3.3/avr5\libgcc.a(_sf_to_si.o)
 .debug_aranges
                0x00000120       0x20 d:/iti_embedded_system/03- imt sdk/imt_sdk_win_64/winavr/bin/../lib/gcc/avr/4.3.3/avr5\libgcc.a(_usi_to_sf.o)
 .debug_aranges
                0x00000140       0x20 d:/iti_embedded_system/03- imt sdk/imt_sdk_win_64/winavr/bin/../lib/gcc/avr/4.3.3/avr5\libgcc.a(_clzsi2.o)
 .debug_aranges
                0x00000160       0x20 d:/iti_embedded_system/03- imt sdk/imt_sdk_win_64/winavr/bin/../lib/gcc/avr/4.3.3/avr5\libgcc.a(_pack_sf.o)
 .debug_aranges
                0x00000180       0x20 d:/iti_embedded_system/03- imt sdk/imt_sdk_win_64/winavr/bin/../lib/gcc/avr/4.3.3/avr5\libgcc.a(_unpack_sf.o)
 .debug_aranges
                0x000001a0       0x20 d:/iti_embedded_system/03- imt sdk/imt_sdk_win_64/winavr/bin/../lib/gcc/avr/4.3.3/avr5\libgcc.a(_fpcmp_parts_sf.o)

.debug_pubnames
                0x00000000      0x210
 *(.debug_pubnames)
 .debug_pubnames
                0x00000000       0x23 d:/iti_embedded_system/03- imt sdk/imt_sdk_win_64/winavr/bin/../lib/gcc/avr/4.3.3/avr5\libgcc.a(_fixunssfsi.o)
 .debug_pubnames
                0x00000023       0x2c d:/iti_embedded_system/03- imt sdk/imt_sdk_win_64/winavr/bin/../lib/gcc/avr/4.3.3/avr5\libgcc.a(_addsub_sf.o)
 .debug_pubnames
                0x0000004f       0x1f d:/iti_embedded_system/03- imt sdk/imt_sdk_win_64/winavr/bin/../lib/gcc/avr/4.3.3/avr5\libgcc.a(_mul_sf.o)
 .debug_pubnames
                0x0000006e       0x1f d:/iti_embedded_system/03- imt sdk/imt_sdk_win_64/winavr/bin/../lib/gcc/avr/4.3.3/avr5\libgcc.a(_div_sf.o)
 .debug_pubnames
                0x0000008d       0x1e d:/iti_embedded_system/03- imt sdk/imt_sdk_win_64/winavr/bin/../lib/gcc/avr/4.3.3/avr5\libgcc.a(_ne_sf.o)
 .debug_pubnames
                0x000000ab       0x1e d:/iti_embedded_system/03- imt sdk/imt_sdk_win_64/winavr/bin/../lib/gcc/avr/4.3.3/avr5\libgcc.a(_gt_sf.o)
 .debug_pubnames
                0x000000c9       0x1e d:/iti_embedded_system/03- imt sdk/imt_sdk_win_64/winavr/bin/../lib/gcc/avr/4.3.3/avr5\libgcc.a(_ge_sf.o)
 .debug_pubnames
                0x000000e7       0x1e d:/iti_embedded_system/03- imt sdk/imt_sdk_win_64/winavr/bin/../lib/gcc/avr/4.3.3/avr5\libgcc.a(_lt_sf.o)
 .debug_pubnames
                0x00000105       0x20 d:/iti_embedded_system/03- imt sdk/imt_sdk_win_64/winavr/bin/../lib/gcc/avr/4.3.3/avr5\libgcc.a(_sf_to_si.o)
 .debug_pubnames
                0x00000125       0x22 d:/iti_embedded_system/03- imt sdk/imt_sdk_win_64/winavr/bin/../lib/gcc/avr/4.3.3/avr5\libgcc.a(_thenan_sf.o)
 .debug_pubnames
                0x00000147       0x24 d:/iti_embedded_system/03- imt sdk/imt_sdk_win_64/winavr/bin/../lib/gcc/avr/4.3.3/avr5\libgcc.a(_usi_to_sf.o)
 .debug_pubnames
                0x0000016b       0x1f d:/iti_embedded_system/03- imt sdk/imt_sdk_win_64/winavr/bin/../lib/gcc/avr/4.3.3/avr5\libgcc.a(_clzsi2.o)
 .debug_pubnames
                0x0000018a       0x1f d:/iti_embedded_system/03- imt sdk/imt_sdk_win_64/winavr/bin/../lib/gcc/avr/4.3.3/avr5\libgcc.a(_pack_sf.o)
 .debug_pubnames
                0x000001a9       0x21 d:/iti_embedded_system/03- imt sdk/imt_sdk_win_64/winavr/bin/../lib/gcc/avr/4.3.3/avr5\libgcc.a(_unpack_sf.o)
 .debug_pubnames
                0x000001ca       0x26 d:/iti_embedded_system/03- imt sdk/imt_sdk_win_64/winavr/bin/../lib/gcc/avr/4.3.3/avr5\libgcc.a(_fpcmp_parts_sf.o)
 .debug_pubnames
                0x000001f0       0x20 d:/iti_embedded_system/03- imt sdk/imt_sdk_win_64/winavr/bin/../lib/gcc/avr/4.3.3/avr5\libgcc.a(_clz.o)

.debug_info     0x00000000     0x268a
 *(.debug_info)
 .debug_info    0x00000000       0xb1 d:/iti_embedded_system/03- imt sdk/imt_sdk_win_64/winavr/bin/../lib/gcc/avr/4.3.3/avr5\libgcc.a(_fixunssfsi.o)
 .debug_info    0x000000b1      0x47a d:/iti_embedded_system/03- imt sdk/imt_sdk_win_64/winavr/bin/../lib/gcc/avr/4.3.3/avr5\libgcc.a(_addsub_sf.o)
 .debug_info    0x0000052b      0x485 d:/iti_embedded_system/03- imt sdk/imt_sdk_win_64/winavr/bin/../lib/gcc/avr/4.3.3/avr5\libgcc.a(_mul_sf.o)
 .debug_info    0x000009b0      0x3fc d:/iti_embedded_system/03- imt sdk/imt_sdk_win_64/winavr/bin/../lib/gcc/avr/4.3.3/avr5\libgcc.a(_div_sf.o)
 .debug_info    0x00000dac      0x27f d:/iti_embedded_system/03- imt sdk/imt_sdk_win_64/winavr/bin/../lib/gcc/avr/4.3.3/avr5\libgcc.a(_ne_sf.o)
 .debug_info    0x0000102b      0x27f d:/iti_embedded_system/03- imt sdk/imt_sdk_win_64/winavr/bin/../lib/gcc/avr/4.3.3/avr5\libgcc.a(_gt_sf.o)
 .debug_info    0x000012aa      0x27f d:/iti_embedded_system/03- imt sdk/imt_sdk_win_64/winavr/bin/../lib/gcc/avr/4.3.3/avr5\libgcc.a(_ge_sf.o)
 .debug_info    0x00001529      0x27f d:/iti_embedded_system/03- imt sdk/imt_sdk_win_64/winavr/bin/../lib/gcc/avr/4.3.3/avr5\libgcc.a(_lt_sf.o)
 .debug_info    0x000017a8      0x2b0 d:/iti_embedded_system/03- imt sdk/imt_sdk_win_64/winavr/bin/../lib/gcc/avr/4.3.3/avr5\libgcc.a(_sf_to_si.o)
 .debug_info    0x00001a58      0x12c d:/iti_embedded_system/03- imt sdk/imt_sdk_win_64/winavr/bin/../lib/gcc/avr/4.3.3/avr5\libgcc.a(_thenan_sf.o)
 .debug_info    0x00001b84      0x206 d:/iti_embedded_system/03- imt sdk/imt_sdk_win_64/winavr/bin/../lib/gcc/avr/4.3.3/avr5\libgcc.a(_usi_to_sf.o)
 .debug_info    0x00001d8a      0x117 d:/iti_embedded_system/03- imt sdk/imt_sdk_win_64/winavr/bin/../lib/gcc/avr/4.3.3/avr5\libgcc.a(_clzsi2.o)
 .debug_info    0x00001ea1      0x2df d:/iti_embedded_system/03- imt sdk/imt_sdk_win_64/winavr/bin/../lib/gcc/avr/4.3.3/avr5\libgcc.a(_pack_sf.o)
 .debug_info    0x00002180      0x251 d:/iti_embedded_system/03- imt sdk/imt_sdk_win_64/winavr/bin/../lib/gcc/avr/4.3.3/avr5\libgcc.a(_unpack_sf.o)
 .debug_info    0x000023d1      0x210 d:/iti_embedded_system/03- imt sdk/imt_sdk_win_64/winavr/bin/../lib/gcc/avr/4.3.3/avr5\libgcc.a(_fpcmp_parts_sf.o)
 .debug_info    0x000025e1       0xa9 d:/iti_embedded_system/03- imt sdk/imt_sdk_win_64/winavr/bin/../lib/gcc/avr/4.3.3/avr5\libgcc.a(_clz.o)
 *(.gnu.linkonce.wi.*)

.debug_abbrev   0x00000000     0x14e0
 *(.debug_abbrev)
 .debug_abbrev  0x00000000       0x5d d:/iti_embedded_system/03- imt sdk/imt_sdk_win_64/winavr/bin/../lib/gcc/avr/4.3.3/avr5\libgcc.a(_fixunssfsi.o)
 .debug_abbrev  0x0000005d      0x1ea d:/iti_embedded_system/03- imt sdk/imt_sdk_win_64/winavr/bin/../lib/gcc/avr/4.3.3/avr5\libgcc.a(_addsub_sf.o)
 .debug_abbrev  0x00000247      0x21b d:/iti_embedded_system/03- imt sdk/imt_sdk_win_64/winavr/bin/../lib/gcc/avr/4.3.3/avr5\libgcc.a(_mul_sf.o)
 .debug_abbrev  0x00000462      0x216 d:/iti_embedded_system/03- imt sdk/imt_sdk_win_64/winavr/bin/../lib/gcc/avr/4.3.3/avr5\libgcc.a(_div_sf.o)
 .debug_abbrev  0x00000678      0x15a d:/iti_embedded_system/03- imt sdk/imt_sdk_win_64/winavr/bin/../lib/gcc/avr/4.3.3/avr5\libgcc.a(_ne_sf.o)
 .debug_abbrev  0x000007d2      0x15a d:/iti_embedded_system/03- imt sdk/imt_sdk_win_64/winavr/bin/../lib/gcc/avr/4.3.3/avr5\libgcc.a(_gt_sf.o)
 .debug_abbrev  0x0000092c      0x15a d:/iti_embedded_system/03- imt sdk/imt_sdk_win_64/winavr/bin/../lib/gcc/avr/4.3.3/avr5\libgcc.a(_ge_sf.o)
 .debug_abbrev  0x00000a86      0x15a d:/iti_embedded_system/03- imt sdk/imt_sdk_win_64/winavr/bin/../lib/gcc/avr/4.3.3/avr5\libgcc.a(_lt_sf.o)
 .debug_abbrev  0x00000be0      0x17f d:/iti_embedded_system/03- imt sdk/imt_sdk_win_64/winavr/bin/../lib/gcc/avr/4.3.3/avr5\libgcc.a(_sf_to_si.o)
 .debug_abbrev  0x00000d5f       0xad d:/iti_embedded_system/03- imt sdk/imt_sdk_win_64/winavr/bin/../lib/gcc/avr/4.3.3/avr5\libgcc.a(_thenan_sf.o)
 .debug_abbrev  0x00000e0c      0x157 d:/iti_embedded_system/03- imt sdk/imt_sdk_win_64/winavr/bin/../lib/gcc/avr/4.3.3/avr5\libgcc.a(_usi_to_sf.o)
 .debug_abbrev  0x00000f63       0xc4 d:/iti_embedded_system/03- imt sdk/imt_sdk_win_64/winavr/bin/../lib/gcc/avr/4.3.3/avr5\libgcc.a(_clzsi2.o)
 .debug_abbrev  0x00001027      0x1c0 d:/iti_embedded_system/03- imt sdk/imt_sdk_win_64/winavr/bin/../lib/gcc/avr/4.3.3/avr5\libgcc.a(_pack_sf.o)
 .debug_abbrev  0x000011e7      0x154 d:/iti_embedded_system/03- imt sdk/imt_sdk_win_64/winavr/bin/../lib/gcc/avr/4.3.3/avr5\libgcc.a(_unpack_sf.o)
 .debug_abbrev  0x0000133b      0x13b d:/iti_embedded_system/03- imt sdk/imt_sdk_win_64/winavr/bin/../lib/gcc/avr/4.3.3/avr5\libgcc.a(_fpcmp_parts_sf.o)
 .debug_abbrev  0x00001476       0x6a d:/iti_embedded_system/03- imt sdk/imt_sdk_win_64/winavr/bin/../lib/gcc/avr/4.3.3/avr5\libgcc.a(_clz.o)

.debug_line     0x00000000     0x12a9
 *(.debug_line)
 .debug_line    0x00000000       0xa7 d:/iti_embedded_system/03- imt sdk/imt_sdk_win_64/winavr/bin/../lib/gcc/avr/4.3.3/avr5\libgcc.a(_fixunssfsi.o)
 .debug_line    0x000000a7      0x2af d:/iti_embedded_system/03- imt sdk/imt_sdk_win_64/winavr/bin/../lib/gcc/avr/4.3.3/avr5\libgcc.a(_addsub_sf.o)
 .debug_line    0x00000356      0x239 d:/iti_embedded_system/03- imt sdk/imt_sdk_win_64/winavr/bin/../lib/gcc/avr/4.3.3/avr5\libgcc.a(_mul_sf.o)
 .debug_line    0x0000058f      0x1d5 d:/iti_embedded_system/03- imt sdk/imt_sdk_win_64/winavr/bin/../lib/gcc/avr/4.3.3/avr5\libgcc.a(_div_sf.o)
 .debug_line    0x00000764       0xd3 d:/iti_embedded_system/03- imt sdk/imt_sdk_win_64/winavr/bin/../lib/gcc/avr/4.3.3/avr5\libgcc.a(_ne_sf.o)
 .debug_line    0x00000837       0xd3 d:/iti_embedded_system/03- imt sdk/imt_sdk_win_64/winavr/bin/../lib/gcc/avr/4.3.3/avr5\libgcc.a(_gt_sf.o)
 .debug_line    0x0000090a       0xd3 d:/iti_embedded_system/03- imt sdk/imt_sdk_win_64/winavr/bin/../lib/gcc/avr/4.3.3/avr5\libgcc.a(_ge_sf.o)
 .debug_line    0x000009dd       0xd3 d:/iti_embedded_system/03- imt sdk/imt_sdk_win_64/winavr/bin/../lib/gcc/avr/4.3.3/avr5\libgcc.a(_lt_sf.o)
 .debug_line    0x00000ab0      0x109 d:/iti_embedded_system/03- imt sdk/imt_sdk_win_64/winavr/bin/../lib/gcc/avr/4.3.3/avr5\libgcc.a(_sf_to_si.o)
 .debug_line    0x00000bb9       0x90 d:/iti_embedded_system/03- imt sdk/imt_sdk_win_64/winavr/bin/../lib/gcc/avr/4.3.3/avr5\libgcc.a(_thenan_sf.o)
 .debug_line    0x00000c49      0x133 d:/iti_embedded_system/03- imt sdk/imt_sdk_win_64/winavr/bin/../lib/gcc/avr/4.3.3/avr5\libgcc.a(_usi_to_sf.o)
 .debug_line    0x00000d7c       0xa5 d:/iti_embedded_system/03- imt sdk/imt_sdk_win_64/winavr/bin/../lib/gcc/avr/4.3.3/avr5\libgcc.a(_clzsi2.o)
 .debug_line    0x00000e21      0x18a d:/iti_embedded_system/03- imt sdk/imt_sdk_win_64/winavr/bin/../lib/gcc/avr/4.3.3/avr5\libgcc.a(_pack_sf.o)
 .debug_line    0x00000fab      0x14b d:/iti_embedded_system/03- imt sdk/imt_sdk_win_64/winavr/bin/../lib/gcc/avr/4.3.3/avr5\libgcc.a(_unpack_sf.o)
 .debug_line    0x000010f6      0x137 d:/iti_embedded_system/03- imt sdk/imt_sdk_win_64/winavr/bin/../lib/gcc/avr/4.3.3/avr5\libgcc.a(_fpcmp_parts_sf.o)
 .debug_line    0x0000122d       0x7c d:/iti_embedded_system/03- imt sdk/imt_sdk_win_64/winavr/bin/../lib/gcc/avr/4.3.3/avr5\libgcc.a(_clz.o)

.debug_frame    0x00000000      0x1e0
 *(.debug_frame)
 .debug_frame   0x00000000       0x20 d:/iti_embedded_system/03- imt sdk/imt_sdk_win_64/winavr/bin/../lib/gcc/avr/4.3.3/avr5\libgcc.a(_fixunssfsi.o)
 .debug_frame   0x00000020       0x40 d:/iti_embedded_system/03- imt sdk/imt_sdk_win_64/winavr/bin/../lib/gcc/avr/4.3.3/avr5\libgcc.a(_addsub_sf.o)
 .debug_frame   0x00000060       0x20 d:/iti_embedded_system/03- imt sdk/imt_sdk_win_64/winavr/bin/../lib/gcc/avr/4.3.3/avr5\libgcc.a(_mul_sf.o)
 .debug_frame   0x00000080       0x20 d:/iti_embedded_system/03- imt sdk/imt_sdk_win_64/winavr/bin/../lib/gcc/avr/4.3.3/avr5\libgcc.a(_div_sf.o)
 .debug_frame   0x000000a0       0x20 d:/iti_embedded_system/03- imt sdk/imt_sdk_win_64/winavr/bin/../lib/gcc/avr/4.3.3/avr5\libgcc.a(_ne_sf.o)
 .debug_frame   0x000000c0       0x20 d:/iti_embedded_system/03- imt sdk/imt_sdk_win_64/winavr/bin/../lib/gcc/avr/4.3.3/avr5\libgcc.a(_gt_sf.o)
 .debug_frame   0x000000e0       0x20 d:/iti_embedded_system/03- imt sdk/imt_sdk_win_64/winavr/bin/../lib/gcc/avr/4.3.3/avr5\libgcc.a(_ge_sf.o)
 .debug_frame   0x00000100       0x20 d:/iti_embedded_system/03- imt sdk/imt_sdk_win_64/winavr/bin/../lib/gcc/avr/4.3.3/avr5\libgcc.a(_lt_sf.o)
 .debug_frame   0x00000120       0x20 d:/iti_embedded_system/03- imt sdk/imt_sdk_win_64/winavr/bin/../lib/gcc/avr/4.3.3/avr5\libgcc.a(_sf_to_si.o)
 .debug_frame   0x00000140       0x20 d:/iti_embedded_system/03- imt sdk/imt_sdk_win_64/winavr/bin/../lib/gcc/avr/4.3.3/avr5\libgcc.a(_usi_to_sf.o)
 .debug_frame   0x00000160       0x20 d:/iti_embedded_system/03- imt sdk/imt_sdk_win_64/winavr/bin/../lib/gcc/avr/4.3.3/avr5\libgcc.a(_clzsi2.o)
 .debug_frame   0x00000180       0x20 d:/iti_embedded_system/03- imt sdk/imt_sdk_win_64/winavr/bin/../lib/gcc/avr/4.3.3/avr5\libgcc.a(_pack_sf.o)
 .debug_frame   0x000001a0       0x20 d:/iti_embedded_system/03- imt sdk/imt_sdk_win_64/winavr/bin/../lib/gcc/avr/4.3.3/avr5\libgcc.a(_unpack_sf.o)
 .debug_frame   0x000001c0       0x20 d:/iti_embedded_system/03- imt sdk/imt_sdk_win_64/winavr/bin/../lib/gcc/avr/4.3.3/avr5\libgcc.a(_fpcmp_parts_sf.o)

.debug_str      0x00000000      0x2fe
 *(.debug_str)
 .debug_str     0x00000000       0xbf d:/iti_embedded_system/03- imt sdk/imt_sdk_win_64/winavr/bin/../lib/gcc/avr/4.3.3/avr5\libgcc.a(_fixunssfsi.o)
                                 0xfe (size before relaxing)
 .debug_str     0x000000bf      0x14d d:/iti_embedded_system/03- imt sdk/imt_sdk_win_64/winavr/bin/../lib/gcc/avr/4.3.3/avr5\libgcc.a(_addsub_sf.o)
                                0x206 (size before relaxing)
 .debug_str     0x0000020c       0x27 d:/iti_embedded_system/03- imt sdk/imt_sdk_win_64/winavr/bin/../lib/gcc/avr/4.3.3/avr5\libgcc.a(_mul_sf.o)
                                0x1bf (size before relaxing)
 .debug_str     0x00000233       0x35 d:/iti_embedded_system/03- imt sdk/imt_sdk_win_64/winavr/bin/../lib/gcc/avr/4.3.3/avr5\libgcc.a(_div_sf.o)
                                0x1c8 (size before relaxing)
 .debug_str     0x00000268        0x8 d:/iti_embedded_system/03- imt sdk/imt_sdk_win_64/winavr/bin/../lib/gcc/avr/4.3.3/avr5\libgcc.a(_ne_sf.o)
                                0x195 (size before relaxing)
 .debug_str     0x00000270        0x8 d:/iti_embedded_system/03- imt sdk/imt_sdk_win_64/winavr/bin/../lib/gcc/avr/4.3.3/avr5\libgcc.a(_gt_sf.o)
                                0x195 (size before relaxing)
 .debug_str     0x00000278        0x8 d:/iti_embedded_system/03- imt sdk/imt_sdk_win_64/winavr/bin/../lib/gcc/avr/4.3.3/avr5\libgcc.a(_ge_sf.o)
                                0x195 (size before relaxing)
 .debug_str     0x00000280        0x8 d:/iti_embedded_system/03- imt sdk/imt_sdk_win_64/winavr/bin/../lib/gcc/avr/4.3.3/avr5\libgcc.a(_lt_sf.o)
                                0x195 (size before relaxing)
 .debug_str     0x00000288        0xa d:/iti_embedded_system/03- imt sdk/imt_sdk_win_64/winavr/bin/../lib/gcc/avr/4.3.3/avr5\libgcc.a(_sf_to_si.o)
                                0x19e (size before relaxing)
 .debug_str     0x00000000      0x103 d:/iti_embedded_system/03- imt sdk/imt_sdk_win_64/winavr/bin/../lib/gcc/avr/4.3.3/avr5\libgcc.a(_thenan_sf.o)
 .debug_str     0x00000292       0x21 d:/iti_embedded_system/03- imt sdk/imt_sdk_win_64/winavr/bin/../lib/gcc/avr/4.3.3/avr5\libgcc.a(_usi_to_sf.o)
                                0x177 (size before relaxing)
 .debug_str     0x000002b3       0x20 d:/iti_embedded_system/03- imt sdk/imt_sdk_win_64/winavr/bin/../lib/gcc/avr/4.3.3/avr5\libgcc.a(_clzsi2.o)
                                0x111 (size before relaxing)
 .debug_str     0x000002d3       0x10 d:/iti_embedded_system/03- imt sdk/imt_sdk_win_64/winavr/bin/../lib/gcc/avr/4.3.3/avr5\libgcc.a(_pack_sf.o)
                                0x19d (size before relaxing)
 .debug_str     0x000002e3        0xb d:/iti_embedded_system/03- imt sdk/imt_sdk_win_64/winavr/bin/../lib/gcc/avr/4.3.3/avr5\libgcc.a(_unpack_sf.o)
                                0x17f (size before relaxing)
 .debug_str     0x000002ee       0x10 d:/iti_embedded_system/03- imt sdk/imt_sdk_win_64/winavr/bin/../lib/gcc/avr/4.3.3/avr5\libgcc.a(_fpcmp_parts_sf.o)
                                0x163 (size before relaxing)
 .debug_str     0x00000000       0xf4 d:/iti_embedded_system/03- imt sdk/imt_sdk_win_64/winavr/bin/../lib/gcc/avr/4.3.3/avr5\libgcc.a(_clz.o)

.debug_loc      0x00000000      0x9aa
 *(.debug_loc)
 .debug_loc     0x00000000       0x34 d:/iti_embedded_system/03- imt sdk/imt_sdk_win_64/winavr/bin/../lib/gcc/avr/4.3.3/avr5\libgcc.a(_fixunssfsi.o)
 .debug_loc     0x00000034      0x32a d:/iti_embedded_system/03- imt sdk/imt_sdk_win_64/winavr/bin/../lib/gcc/avr/4.3.3/avr5\libgcc.a(_addsub_sf.o)
 .debug_loc     0x0000035e      0x104 d:/iti_embedded_system/03- imt sdk/imt_sdk_win_64/winavr/bin/../lib/gcc/avr/4.3.3/avr5\libgcc.a(_mul_sf.o)
 .debug_loc     0x00000462       0xc0 d:/iti_embedded_system/03- imt sdk/imt_sdk_win_64/winavr/bin/../lib/gcc/avr/4.3.3/avr5\libgcc.a(_div_sf.o)
 .debug_loc     0x00000522       0x3c d:/iti_embedded_system/03- imt sdk/imt_sdk_win_64/winavr/bin/../lib/gcc/avr/4.3.3/avr5\libgcc.a(_ne_sf.o)
 .debug_loc     0x0000055e       0x3c d:/iti_embedded_system/03- imt sdk/imt_sdk_win_64/winavr/bin/../lib/gcc/avr/4.3.3/avr5\libgcc.a(_gt_sf.o)
 .debug_loc     0x0000059a       0x3c d:/iti_embedded_system/03- imt sdk/imt_sdk_win_64/winavr/bin/../lib/gcc/avr/4.3.3/avr5\libgcc.a(_ge_sf.o)
 .debug_loc     0x000005d6       0x3c d:/iti_embedded_system/03- imt sdk/imt_sdk_win_64/winavr/bin/../lib/gcc/avr/4.3.3/avr5\libgcc.a(_lt_sf.o)
 .debug_loc     0x00000612       0x7e d:/iti_embedded_system/03- imt sdk/imt_sdk_win_64/winavr/bin/../lib/gcc/avr/4.3.3/avr5\libgcc.a(_sf_to_si.o)
 .debug_loc     0x00000690       0x4c d:/iti_embedded_system/03- imt sdk/imt_sdk_win_64/winavr/bin/../lib/gcc/avr/4.3.3/avr5\libgcc.a(_usi_to_sf.o)
 .debug_loc     0x000006dc       0x94 d:/iti_embedded_system/03- imt sdk/imt_sdk_win_64/winavr/bin/../lib/gcc/avr/4.3.3/avr5\libgcc.a(_clzsi2.o)
 .debug_loc     0x00000770      0x13e d:/iti_embedded_system/03- imt sdk/imt_sdk_win_64/winavr/bin/../lib/gcc/avr/4.3.3/avr5\libgcc.a(_pack_sf.o)
 .debug_loc     0x000008ae       0xac d:/iti_embedded_system/03- imt sdk/imt_sdk_win_64/winavr/bin/../lib/gcc/avr/4.3.3/avr5\libgcc.a(_unpack_sf.o)
 .debug_loc     0x0000095a       0x50 d:/iti_embedded_system/03- imt sdk/imt_sdk_win_64/winavr/bin/../lib/gcc/avr/4.3.3/avr5\libgcc.a(_fpcmp_parts_sf.o)

.debug_macinfo
 *(.debug_macinfo)
OUTPUT(Room.elf elf32-avr)
LOAD linker stubs

.debug_ranges   0x00000000       0x50
 .debug_ranges  0x00000000       0x50 d:/iti_embedded_system/03- imt sdk/imt_sdk_win_64/winavr/bin/../lib/gcc/avr/4.3.3/avr5\libgcc.a(_mul_sf.o)
